// Jest Snapshot v1, https://goo.gl/fbAQLP

exports[`RequestForm should render correctly in "debug" mode 1`] = `ShallowWrapper {}`;

exports[`RequestForm should render correctly with given strings 1`] = `ShallowWrapper {}`;

exports[`RequestForm should render correctly with no props 1`] = `ReactWrapper {}`;
