// Jest Snapshot v1, https://goo.gl/fbAQLP

exports[`<CheckBuox /> Should render correctly 1`] = `
<div
  className="form-group"
>
  <div
    className="form-check"
  >
    <input
      className="form-check-input position-static"
      disabled={false}
      type="checkbox"
    />
  </div>
  <label
    className="form-label"
  />
</div>
`;
