// Jest Snapshot v1, https://goo.gl/fbAQLP

exports[`<Select /> Should render correctly 1`] = `
<div
  className="form-group"
  id="controlId"
>
  <select
    className="form-control"
    required={true}
  >
    <option
      value=""
    >
      Select Service Type
    </option>
  </select>
  <small
    className="help-block text-red form-text"
  />
  <div
    className="text-right"
  >
    <small
      className="form-text"
    >
      className="text-muted"&gt;Required
    </small>
  </div>
</div>
`;
