// Jest Snapshot v1, https://goo.gl/fbAQLP

exports[`<TextArea /> Should render correctly 1`] = `
<div
  className="form-group"
>
  <label
    className="form-label"
  />
  <textarea
    className="form-control"
    required={true}
    rows="4"
  />
  <small
    className="help-block text-red form-text"
  />
  <div
    className="text-right"
  >
    <small
      className="text-muted form-text"
    >
      Required
    </small>
  </div>
</div>
`;
