// Jest Snapshot v1, https://goo.gl/fbAQLP

exports[`<TextInput /> Should render correctly 1`] = `
<div
  className="has-error form-group"
  controlid="Id"
>
  <input
    className="form-control"
    name="Name"
    onChange={[Function]}
    placeholder="Placeholder"
    required={true}
    type="text"
    value="Label"
  />
  <small
    className="help-block text-red form-text"
  >
    Error
  </small>
  <div
    className="text-right"
  >
    <small
      className="text-muted form-text"
    >
      Required
    </small>
  </div>
</div>
`;
