// Jest Snapshot v1, https://goo.gl/fbAQLP

exports[`<TextInput /> Should render correctly 1`] = `
<div
  className="form-group undefined"
>
  <input
    className="form-control"
    required={true}
    type="text"
  />
  <span
    className="help-block text-red"
  />
  <div
    className="text-right"
  >
    <span>
      <small
        className="text-muted"
      >
        Required
      </small>
    </span>
  </div>
</div>
`;
